ok - normal correlated reply resolves once (idempotent)
ok - completed turn with no report triggers exactly one recovery
ok - recovery attempts reconcile without reinjection
ok - recovery reply resolves the original expectation
ok - second missed turn escalates once and remains durable
ok - escalations and replies wake; the home's own escalation close stays quiet
ok - failed escalation publication remains retryable and publishes once
ok - legacy escalation closes under the shared default key
ok - legacy escalation cannot close an unrelated default-key decision
ok - foreign correlated blocker cannot impersonate a pending-reply escalation
ok - concurrent resolution closes one keyed escalation exactly once
ok - concurrent escalation yields to a late correlated reply
ok - transport success cannot masquerade as reply success
ok - undelivered records remain immutable across scan paths
ok - delivery confirmation fallback reconciles durably
ok - delivery confirmation serializes with reconciliation
ok - unrelated events and stale correlation ids cannot resolve
ok - restart preserves expectation and exact parent destination
ok - wrong-home reports are detected but do not silently acknowledge
not ok - unmarked crewmate send should succeed: expected exit 0, got 1
