ok - fm_backend_herdr_server_ensure: scrubs home and harness identity without disturbing unrelated environment or session routing
ok - fm_backend_herdr_version_check: accepts the current protocol (14)
ok - fm_backend_herdr_version_check: refuses an old protocol loudly
ok - fm_backend_herdr_version_check: refuses loudly when herdr is not installed
ok - fm_backend_herdr_workspace_label: a primary home (no marker) resolves to 'firstmate'
ok - fm_backend_herdr_workspace_label: a secondmate home (.fm-secondmate-home) resolves to '2ndmate-<id>'
ok - fm_backend_herdr_workspace_label: trims whitespace around the marker's secondmate id
ok - fm_backend_herdr_workspace_label: an empty marker file falls back to the primary label 'firstmate'
ok - fm_backend_herdr_workspace_label: two different secondmate homes get two different, non-colliding labels
ok - fm_backend_herdr_cli: sets HERDR_SESSION AND appends a trailing --session flag on every call
ok - fm_backend_herdr_launcher_identity: a firstmate not running inside herdr has no launcher workspace to inherit
ok - fm_backend_herdr_launcher_identity: HERDR_ENV=1 without a pane id selects the backend but binds no parent
ok - fm_backend_herdr_launcher_identity: resolves the launcher's exact workspace even when a same-labeled workspace sorts first
ok - fm_backend_herdr_launcher_identity: refuses a launcher pane that names a different herdr session
ok - fm_backend_herdr_launcher_identity: refuses a claimed pane without exact server identity
ok - fm_backend_herdr_launcher_identity: refuses a launcher pane whose injected socket belongs to another herdr server
ok - fm_backend_herdr_launcher_identity: refuses when the launcher's own pane no longer resolves
ok - fm_backend_herdr_launcher_identity: refuses when the launcher's pane and tab disagree about their workspace
ok - fm_backend_herdr_launcher_identity: refuses when the launcher's workspace is gone from its own session
ok - fm_backend_herdr_workspace_ensure: places a worker in the launcher's exact workspace, not the first same-labeled one
not ok - two same-labeled home workspaces with no launcher identity must refuse: expected exit 3, got 2
