1788946759 session list --json --session fm-lab-poll-hang-38204
1788946760 status --json --session fm-lab-poll-hang-38204
1788946760 server --session fm-lab-poll-hang-38204
1788946762 status --json --session fm-lab-poll-hang-38204
1788946765 status --json --session fm-lab-poll-hang-38204
1788946767 status --json --session fm-lab-poll-hang-38204
1788946769 status --json --session fm-lab-poll-hang-38204
1788946771 status --json --session fm-lab-poll-hang-38204
1788946773 status --json --session fm-lab-poll-hang-38204
1788946776 session list --json --session fm-lab-poll-hang-38204
1788946776 session list --json --session fm-lab-poll-hang-38204
1788946777 session list --json --session fm-lab-poll-hang-38204
1788946777 session stop fm-lab-poll-hang-38204 --json --session fm-lab-poll-hang-38204
1788946778 session list --json --session fm-lab-poll-hang-38204
1788946778 session delete fm-lab-poll-hang-38204 --json --session fm-lab-poll-hang-38204
1788946778 session list --json --session fm-lab-poll-hang-38204
1788946779 session list --json --session fm-lab-poll-hang-38204
1788946780 session list --json --session fm-lab-poll-hang-38204
1788946780 session list --json --session fm-lab-stop-hang-38204
1788946781 server --session fm-lab-stop-hang-38204
1788946781 status --json --session fm-lab-stop-hang-38204
1788946781 session list --json --session fm-lab-stop-hang-38204
1788946781 session list --json --session fm-lab-stop-hang-38204
1788946782 session list --json --session fm-lab-stop-hang-38204
1788946782 session list --json --session fm-lab-stop-hang-38204
1788946782 session stop fm-lab-stop-hang-38204 --json --session fm-lab-stop-hang-38204
1788946786 session list --json --session fm-lab-stop-hang-38204
1788946786 session list --json --session fm-lab-stop-hang-38204
1788946786 session list --json --session fm-lab-stop-hang-38204
1788946786 session stop fm-lab-stop-hang-38204 --json --session fm-lab-stop-hang-38204
1788946787 session list --json --session fm-lab-stop-hang-38204
1788946787 session delete fm-lab-stop-hang-38204 --json --session fm-lab-stop-hang-38204
1788946787 session list --json --session fm-lab-stop-hang-38204
1788946787 session list --json --session fm-lab-stop-hang-38204
1788946787 session list --json --session fm-lab-stop-hang-38204
1788946788 session list --json --session fm-lab-generation-38204
1788946788 server --session fm-lab-generation-38204
1788946788 status --json --session fm-lab-generation-38204
1788946788 session list --json --session fm-lab-generation-38204
1788946788 session list --json --session fm-lab-generation-38204
1788946789 session list --json --session fm-lab-generation-38204
1788946789 session list --json --session fm-lab-generation-38204
1788946789 session list --json --session fm-lab-generation-38204
1788946789 session stop fm-lab-generation-38204 --json --session fm-lab-generation-38204
1788946790 session list --json --session fm-lab-generation-38204
1788946790 session delete fm-lab-generation-38204 --json --session fm-lab-generation-38204
1788946790 session list --json --session fm-lab-generation-38204
1788946790 session list --json --session fm-lab-generation-38204
1788946790 workspace list --session fm-lab-run-bound-38204
1788946791 session list --json --session fm-lab-stock-bash-ordinary-38204
1788946792 server --session fm-lab-stock-bash-ordinary-38204
1788946792 status --json --session fm-lab-stock-bash-ordinary-38204
1788946792 status --json --session fm-lab-stock-bash-ordinary-38204
1788946792 session list --json --session fm-lab-stock-bash-ordinary-38204
1788946793 session list --json --session fm-lab-stock-bash-ordinary-38204
1788946793 session list --json --session fm-lab-stock-bash-ordinary-38204
1788946793 session list --json --session fm-lab-stock-bash-ordinary-38204
1788946794 session stop fm-lab-stock-bash-ordinary-38204 --json --session fm-lab-stock-bash-ordinary-38204
1788946794 session list --json --session fm-lab-stock-bash-ordinary-38204
1788946794 session delete fm-lab-stock-bash-ordinary-38204 --json --session fm-lab-stock-bash-ordinary-38204
1788946794 session list --json --session fm-lab-stock-bash-ordinary-38204
1788946795 session list --json --session fm-lab-stock-bash-ordinary-38204
1788946795 session list --json --session fm-lab-stock-bash-ordinary-38204
1788946795 session list --json --session fm-lab-stock-bash-nested-38204
1788946796 status --json --session fm-lab-stock-bash-nested-38204
1788946796 server --session fm-lab-stock-bash-nested-38204
1788946796 status --json --session fm-lab-stock-bash-nested-38204
1788946796 session list --json --session fm-lab-stock-bash-nested-38204
1788946796 session list --json --session fm-lab-stock-bash-nested-38204
1788946797 session list --json --session fm-lab-stock-bash-nested-38204
1788946797 session list --json --session fm-lab-stock-bash-nested-38204
1788946797 session stop fm-lab-stock-bash-nested-38204 --json --session fm-lab-stock-bash-nested-38204
1788946798 session list --json --session fm-lab-stock-bash-nested-38204
1788946798 session delete fm-lab-stock-bash-nested-38204 --json --session fm-lab-stock-bash-nested-38204
1788946798 session list --json --session fm-lab-stock-bash-nested-38204
1788946799 session list --json --session fm-lab-stock-bash-nested-38204
1788946799 session list --json --session fm-lab-stock-bash-nested-38204
1788946799 session list --json --session fm-lab-rejected-launch-1-38204
1788946800 session list --json --session fm-lab-rejected-launch-1-38204
1788946800 session list --json --session fm-lab-rejected-launch-1-38204
1788946801 session list --json --session fm-lab-rejected-launch-parent-38204
1788946801 session list --json --session fm-lab-rejected-launch-parent-38204
1788946801 session list --json --session fm-lab-rejected-launch-parent-38204
1788946802 session list --json --session fm-lab-publish-failure-38204
1788946803 session list --json --session fm-lab-publish-failure-38204
1788946803 session list --json --session fm-lab-publish-failure-38204
1788946803 session list --json --session fm-lab-publish-failure-38204
1788946804 session list --json --session fm-lab-large-targets-38204
1788946804 status --json --session fm-lab-large-targets-38204
1788946804 server --session fm-lab-large-targets-38204
1788946805 status --json --session fm-lab-large-targets-38204
1788946805 session list --json --session fm-lab-large-targets-38204
1788946805 session list --json --session fm-lab-large-targets-38204
1788946805 session list --json --session fm-lab-large-targets-38204
1788946806 session stop fm-lab-large-targets-38204 --json --session fm-lab-large-targets-38204
1788946806 session list --json --session fm-lab-large-targets-38204
1788946806 session list --json --session fm-lab-large-targets-38204
1788946807 session stop fm-lab-large-targets-38204 --json --session fm-lab-large-targets-38204
1788946807 session list --json --session fm-lab-large-targets-38204
1788946807 session delete fm-lab-large-targets-38204 --json --session fm-lab-large-targets-38204
1788946807 session list --json --session fm-lab-large-targets-38204
1788946825 session list --json --session fm-lab-cli-entry-88892-27174
1788946825 server --session fm-lab-cli-entry-88892-27174
1788946825 status --json --session fm-lab-cli-entry-88892-27174
1788946825 session list --json --session fm-lab-cli-entry-88892-27174
1788946825 session list --json --session fm-lab-cli-entry-88892-27174
1788946826 workspace list --session fm-lab-cli-entry-88892-27174
1788946826 session list --json --session fm-lab-cli-entry-88892-27174
1788946826 session stop fm-lab-cli-entry-88892-27174 --json --session fm-lab-cli-entry-88892-27174
1788946826 session list --json --session fm-lab-cli-entry-88892-27174
1788946826 session list --json --session fm-lab-cli-entry-88892-27174
1788946827 session stop fm-lab-cli-entry-88892-27174 --json --session fm-lab-cli-entry-88892-27174
1788946827 session list --json --session fm-lab-cli-entry-88892-27174
1788946827 session delete fm-lab-cli-entry-88892-27174 --json --session fm-lab-cli-entry-88892-27174
1788946827 session list --json --session fm-lab-cli-entry-88892-27174
1788946828 session list --json --session fm-lab-cli-entry-88892-27174
1788946828 session list --json --session fm-lab-cli-entry-88892-27174
