FM_TEST_BEGIN 2026-09-15T21:29:12Z tests/fm-herdr-session-cleanup.test.sh family=backend-dispatch expected_gate_skip=none
ok - the real cleanup entry point with no candidate journal skips the native capability probe entirely
ok - cleanup with a candidate journal still runs the native capability probe and preserves the journal on failure
ok - process proof reads Linux Herdr argv arrays and rejects malformed executable identities
ok - exact stale projection closes one exact pane under task then presentation locks
ok - successful cleanup is idempotent on repeat
ok - malformed title preserves the candidate
ok - missing token preserves the candidate
ok - malformed journal preserves the candidate
ok - duplicate token preserves the candidate
ok - duplicate title token preserves the candidate
ok - zero journal match preserves the candidate
ok - multiple journal matches preserves the candidate
ok - cross-home journal preserves the candidate
ok - v2 workspace binding mismatch preserves the candidate
ok - v2 tab binding mismatch preserves the candidate
ok - v2 pane binding mismatch preserves the candidate
ok - v2 cleanup requires and accepts the exact journal endpoint binding
ok - current task metadata preserves the candidate
ok - registered agent preserves the candidate
ok - unknown agent preserves the candidate
ok - multiple tabs preserves the candidate
ok - multiple panes preserves the candidate
ok - non-idle shell preserves the candidate
ok - child process or shell job preserves the candidate
ok - unreadable snapshot preserves the candidate
ok - unreadable topology check preserves the candidate
ok - revalidation race preserves the candidate
ok - active target preserves the candidate
ok - focus refusal preserves the candidate
ok - standalone bootstrap cannot run lock-owned stale projection cleanup
ok - session start runs cleanup only after acquiring its home lock
all fm-herdr-session-cleanup tests passed
FM_TEST_END 2026-09-15T21:29:34Z tests/fm-herdr-session-cleanup.test.sh exit=0 duration_ms=22270 gate_skip=false
FM_TEST_SUMMARY total=1 failed=0 skipped_gate=0 duration_ms=22358
FM_TEST_SUMMARY_FAMILY family=backend-dispatch count=1 duration_ms=22270 failed=0
FM_TEST_SLOWEST rank=1 script=tests/fm-herdr-session-cleanup.test.sh duration_ms=22270
