FM_TEST_BEGIN 2026-09-15T21:24:42Z tests/phynd-dev.test.sh family=pure-contract-unit expected_gate_skip=none
ok - root phynd-dev delegates to bin/phynd-dev independent of caller directory
ok - npm-managed tools ignore stale commands outside the managed prefix
ok - phynd-dev repairs outdated no-mistakes installations
ok - phynd-dev install, converged no-op, update, and safe backup paths are idempotent
ok - activation safely prepares the Determinate installer Nix config
evaluating 'darwinConfigurations'...
evaluating 'formatter'...
evaluating 'homeConfigurations'...
evaluating 'darwinConfigurations'...
evaluating 'packages'...
evaluating 'packages'...
evaluating 'formatter'...
evaluating 'homeConfigurations'...
evaluating 'darwinConfigurations.phynd-dev'...
evaluating 'homeConfigurations.phynd-dev'...
evaluating 'formatter.aarch64-darwin'...
evaluating 'packages.aarch64-darwin'...
evaluating 'packages.aarch64-darwin.darwin-rebuild'...
✅ packages.aarch64-darwin.darwin-rebuild (build skipped)
✅ darwinConfigurations.phynd-dev (build skipped)
✅ formatter.aarch64-darwin (build skipped)
✅ homeConfigurations.phynd-dev (build skipped)
copying path '/nix/store/6nd29kxp0aqh43h9h5f6ffm7l10dk8j1-source' from 'https://cache.nixos.org'...
ok - real Nix evaluates the flake and Darwin configuration without building closures
ok - flake-check and flake-update remain explicit, separate lifecycle paths
ok - Fresh loads managed settings and starts the four deterministic language servers
ok - WezTerm's config-loading surface accepts the activated repo-owned Lua source
ok - Starship renders a prompt from the repo-owned configuration
ok - Nix-managed Starship renders through the generated interactive zsh configuration
ok - host_system detects Linux, resolves both architectures, and refuses unsupported OS/architecture before any side effect
ok - Linux install and install-tool install Herdr and reject missing binaries and download failures
ok - phynd-dev bootstraps missing Nix and activates standalone Home Manager on Linux, then converges
ok - phynd-dev reuses a working existing Nix installation on Linux without bootstrapping
ok - phynd-dev reports a failed Linux Nix installation honestly and never reaches activation
ok - flake-check keeps evaluating darwinConfigurations.phynd-dev on the Darwin dispatch path
ok - flake-check evaluates homeConfigurations.phynd-dev on the Linux dispatch path
ok - real Nix evaluates the flake's homeConfigurations.phynd-dev output for both Linux architectures and still evaluates darwinConfigurations.phynd-dev
FM_TEST_END 2026-09-15T21:25:41Z tests/phynd-dev.test.sh exit=0 duration_ms=58743 gate_skip=false
FM_TEST_SUMMARY total=1 failed=0 skipped_gate=0 duration_ms=58804
FM_TEST_SUMMARY_FAMILY family=pure-contract-unit count=1 duration_ms=58743 failed=0
FM_TEST_SLOWEST rank=1 script=tests/phynd-dev.test.sh duration_ms=58743
