session list --json --session fm-lab-poll-hang-25773
status --json --session fm-lab-poll-hang-25773
server --session fm-lab-poll-hang-25773
status --json --session fm-lab-poll-hang-25773
status --json --session fm-lab-poll-hang-25773
status --json --session fm-lab-poll-hang-25773
status --json --session fm-lab-poll-hang-25773
status --json --session fm-lab-poll-hang-25773
session list --json --session fm-lab-poll-hang-25773
session list --json --session fm-lab-poll-hang-25773
session list --json --session fm-lab-poll-hang-25773
session stop fm-lab-poll-hang-25773 --json --session fm-lab-poll-hang-25773
session list --json --session fm-lab-poll-hang-25773
session delete fm-lab-poll-hang-25773 --json --session fm-lab-poll-hang-25773
session list --json --session fm-lab-poll-hang-25773
session list --json --session fm-lab-poll-hang-25773
session list --json --session fm-lab-poll-hang-25773
session list --json --session fm-lab-large-targets-25773
status --json --session fm-lab-large-targets-25773
server --session fm-lab-large-targets-25773
status --json --session fm-lab-large-targets-25773
session list --json --session fm-lab-large-targets-25773
session list --json --session fm-lab-large-targets-25773
session list --json --session fm-lab-large-targets-25773
session stop fm-lab-large-targets-25773 --json --session fm-lab-large-targets-25773
session list --json --session fm-lab-large-targets-25773
session list --json --session fm-lab-large-targets-25773
session stop fm-lab-large-targets-25773 --json --session fm-lab-large-targets-25773
session list --json --session fm-lab-large-targets-25773
session delete fm-lab-large-targets-25773 --json --session fm-lab-large-targets-25773
session list --json --session fm-lab-large-targets-25773
