1788946844 session list --json --session fm-lab-poll-hang-25773
1788946845 status --json --session fm-lab-poll-hang-25773
1788946845 server --session fm-lab-poll-hang-25773
1788946847 status --json --session fm-lab-poll-hang-25773
1788946849 status --json --session fm-lab-poll-hang-25773
1788946851 status --json --session fm-lab-poll-hang-25773
1788946853 status --json --session fm-lab-poll-hang-25773
1788946856 status --json --session fm-lab-poll-hang-25773
1788946858 session list --json --session fm-lab-poll-hang-25773
1788946858 session list --json --session fm-lab-poll-hang-25773
1788946859 session list --json --session fm-lab-poll-hang-25773
1788946859 session stop fm-lab-poll-hang-25773 --json --session fm-lab-poll-hang-25773
1788946859 session list --json --session fm-lab-poll-hang-25773
1788946859 session delete fm-lab-poll-hang-25773 --json --session fm-lab-poll-hang-25773
1788946859 session list --json --session fm-lab-poll-hang-25773
1788946860 session list --json --session fm-lab-poll-hang-25773
1788946860 session list --json --session fm-lab-poll-hang-25773
1788946860 session list --json --session fm-lab-large-targets-25773
1788946860 status --json --session fm-lab-large-targets-25773
1788946860 server --session fm-lab-large-targets-25773
1788946861 status --json --session fm-lab-large-targets-25773
1788946861 session list --json --session fm-lab-large-targets-25773
1788946861 session list --json --session fm-lab-large-targets-25773
1788946861 session list --json --session fm-lab-large-targets-25773
1788946862 session stop fm-lab-large-targets-25773 --json --session fm-lab-large-targets-25773
1788946862 session list --json --session fm-lab-large-targets-25773
1788946862 session list --json --session fm-lab-large-targets-25773
1788946862 session stop fm-lab-large-targets-25773 --json --session fm-lab-large-targets-25773
1788946862 session list --json --session fm-lab-large-targets-25773
1788946863 session delete fm-lab-large-targets-25773 --json --session fm-lab-large-targets-25773
1788946863 session list --json --session fm-lab-large-targets-25773
