session list --json --session fm-lab-generation-4676
server --session fm-lab-generation-4676
status --json --session fm-lab-generation-4676
session list --json --session fm-lab-generation-4676
session list --json --session fm-lab-generation-4676
session list --json --session fm-lab-generation-4676
session list --json --session fm-lab-generation-4676
session list --json --session fm-lab-generation-4676
session stop fm-lab-generation-4676 --json --session fm-lab-generation-4676
session list --json --session fm-lab-generation-4676
session delete fm-lab-generation-4676 --json --session fm-lab-generation-4676
session list --json --session fm-lab-generation-4676
session list --json --session fm-lab-generation-4676
workspace list --session fm-lab-run-bound-4676
session list --json --session fm-lab-stock-bash-ordinary-4676
server --session fm-lab-stock-bash-ordinary-4676
status --json --session fm-lab-stock-bash-ordinary-4676
status --json --session fm-lab-stock-bash-ordinary-4676
session list --json --session fm-lab-stock-bash-ordinary-4676
session list --json --session fm-lab-stock-bash-ordinary-4676
session list --json --session fm-lab-stock-bash-ordinary-4676
session list --json --session fm-lab-stock-bash-ordinary-4676
session stop fm-lab-stock-bash-ordinary-4676 --json --session fm-lab-stock-bash-ordinary-4676
session list --json --session fm-lab-stock-bash-ordinary-4676
session delete fm-lab-stock-bash-ordinary-4676 --json --session fm-lab-stock-bash-ordinary-4676
session list --json --session fm-lab-stock-bash-ordinary-4676
session list --json --session fm-lab-stock-bash-ordinary-4676
session list --json --session fm-lab-stock-bash-ordinary-4676
session list --json --session fm-lab-stock-bash-nested-4676
server --session fm-lab-stock-bash-nested-4676
status --json --session fm-lab-stock-bash-nested-4676
session list --json --session fm-lab-stock-bash-nested-4676
session list --json --session fm-lab-stock-bash-nested-4676
session list --json --session fm-lab-stock-bash-nested-4676
session list --json --session fm-lab-stock-bash-nested-4676
session stop fm-lab-stock-bash-nested-4676 --json --session fm-lab-stock-bash-nested-4676
session list --json --session fm-lab-stock-bash-nested-4676
session delete fm-lab-stock-bash-nested-4676 --json --session fm-lab-stock-bash-nested-4676
session list --json --session fm-lab-stock-bash-nested-4676
session list --json --session fm-lab-stock-bash-nested-4676
session list --json --session fm-lab-stock-bash-nested-4676
session list --json --session fm-lab-rejected-launch-1-4676
session list --json --session fm-lab-rejected-launch-1-4676
session list --json --session fm-lab-rejected-launch-1-4676
session list --json --session fm-lab-rejected-launch-parent-4676
session list --json --session fm-lab-rejected-launch-parent-4676
session list --json --session fm-lab-rejected-launch-parent-4676
session list --json --session fm-lab-publish-failure-4676
session list --json --session fm-lab-publish-failure-4676
session list --json --session fm-lab-publish-failure-4676
session list --json --session fm-lab-publish-failure-4676
session list --json --session fm-lab-large-targets-4676
server --session fm-lab-large-targets-4676
status --json --session fm-lab-large-targets-4676
session list --json --session fm-lab-large-targets-4676
session list --json --session fm-lab-large-targets-4676
session list --json --session fm-lab-large-targets-4676
session stop fm-lab-large-targets-4676 --json --session fm-lab-large-targets-4676
session list --json --session fm-lab-large-targets-4676
session list --json --session fm-lab-large-targets-4676
session stop fm-lab-large-targets-4676 --json --session fm-lab-large-targets-4676
session list --json --session fm-lab-large-targets-4676
session delete fm-lab-large-targets-4676 --json --session fm-lab-large-targets-4676
session list --json --session fm-lab-large-targets-4676
