1788945898 session list --json --session fm-lab-stop-hang-4676
1788945902 server --session fm-lab-stop-hang-4676
1788945902 status --json --session fm-lab-stop-hang-4676
1788945902 session list --json --session fm-lab-stop-hang-4676
1788945902 session list --json --session fm-lab-stop-hang-4676
1788945904 session list --json --session fm-lab-stop-hang-4676
1788945904 session list --json --session fm-lab-stop-hang-4676
1788945905 session stop fm-lab-stop-hang-4676 --json --session fm-lab-stop-hang-4676
1788945909 session list --json --session fm-lab-stop-hang-4676
1788945909 session list --json --session fm-lab-stop-hang-4676
1788945910 session list --json --session fm-lab-stop-hang-4676
1788945911 session stop fm-lab-stop-hang-4676 --json --session fm-lab-stop-hang-4676
1788945912 session list --json --session fm-lab-stop-hang-4676
1788945914 session delete fm-lab-stop-hang-4676 --json --session fm-lab-stop-hang-4676
1788945914 session list --json --session fm-lab-stop-hang-4676
1788945918 session list --json --session fm-lab-stop-hang-4676
1788945918 session list --json --session fm-lab-stop-hang-4676
1788945920 session list --json --session fm-lab-generation-4676
1788945922 server --session fm-lab-generation-4676
1788945922 status --json --session fm-lab-generation-4676
1788945923 session list --json --session fm-lab-generation-4676
1788945923 session list --json --session fm-lab-generation-4676
1788945925 session list --json --session fm-lab-generation-4676
1788945926 session list --json --session fm-lab-generation-4676
1788945927 session list --json --session fm-lab-generation-4676
1788945928 session stop fm-lab-generation-4676 --json --session fm-lab-generation-4676
1788945929 session list --json --session fm-lab-generation-4676
1788945930 session delete fm-lab-generation-4676 --json --session fm-lab-generation-4676
1788945930 session list --json --session fm-lab-generation-4676
1788945931 session list --json --session fm-lab-generation-4676
1788945931 workspace list --session fm-lab-run-bound-4676
1788945933 session list --json --session fm-lab-stock-bash-ordinary-4676
1788945934 server --session fm-lab-stock-bash-ordinary-4676
1788945934 status --json --session fm-lab-stock-bash-ordinary-4676
1788945935 status --json --session fm-lab-stock-bash-ordinary-4676
1788945935 session list --json --session fm-lab-stock-bash-ordinary-4676
1788945935 session list --json --session fm-lab-stock-bash-ordinary-4676
1788945937 session list --json --session fm-lab-stock-bash-ordinary-4676
1788945938 session list --json --session fm-lab-stock-bash-ordinary-4676
1788945939 session stop fm-lab-stock-bash-ordinary-4676 --json --session fm-lab-stock-bash-ordinary-4676
1788945939 session list --json --session fm-lab-stock-bash-ordinary-4676
1788945940 session delete fm-lab-stock-bash-ordinary-4676 --json --session fm-lab-stock-bash-ordinary-4676
1788945940 session list --json --session fm-lab-stock-bash-ordinary-4676
1788945942 session list --json --session fm-lab-stock-bash-ordinary-4676
1788945942 session list --json --session fm-lab-stock-bash-ordinary-4676
1788945942 session list --json --session fm-lab-stock-bash-nested-4676
1788945944 server --session fm-lab-stock-bash-nested-4676
1788945944 status --json --session fm-lab-stock-bash-nested-4676
1788945944 session list --json --session fm-lab-stock-bash-nested-4676
1788945944 session list --json --session fm-lab-stock-bash-nested-4676
1788945947 session list --json --session fm-lab-stock-bash-nested-4676
1788945948 session list --json --session fm-lab-stock-bash-nested-4676
1788945950 session stop fm-lab-stock-bash-nested-4676 --json --session fm-lab-stock-bash-nested-4676
1788945951 session list --json --session fm-lab-stock-bash-nested-4676
1788945952 session delete fm-lab-stock-bash-nested-4676 --json --session fm-lab-stock-bash-nested-4676
1788945953 session list --json --session fm-lab-stock-bash-nested-4676
1788945955 session list --json --session fm-lab-stock-bash-nested-4676
1788945955 session list --json --session fm-lab-stock-bash-nested-4676
1788945956 session list --json --session fm-lab-rejected-launch-1-4676
1788945958 session list --json --session fm-lab-rejected-launch-1-4676
1788945959 session list --json --session fm-lab-rejected-launch-1-4676
1788945960 session list --json --session fm-lab-rejected-launch-parent-4676
1788945963 session list --json --session fm-lab-rejected-launch-parent-4676
1788945963 session list --json --session fm-lab-rejected-launch-parent-4676
1788945965 session list --json --session fm-lab-publish-failure-4676
1788945970 session list --json --session fm-lab-publish-failure-4676
1788945971 session list --json --session fm-lab-publish-failure-4676
1788945971 session list --json --session fm-lab-publish-failure-4676
1788945972 session list --json --session fm-lab-large-targets-4676
1788945974 server --session fm-lab-large-targets-4676
1788945974 status --json --session fm-lab-large-targets-4676
1788945975 session list --json --session fm-lab-large-targets-4676
1788945975 session list --json --session fm-lab-large-targets-4676
1788945978 session list --json --session fm-lab-large-targets-4676
1788945979 session stop fm-lab-large-targets-4676 --json --session fm-lab-large-targets-4676
1788945980 session list --json --session fm-lab-large-targets-4676
1788945981 session list --json --session fm-lab-large-targets-4676
1788945983 session stop fm-lab-large-targets-4676 --json --session fm-lab-large-targets-4676
1788945983 session list --json --session fm-lab-large-targets-4676
1788945985 session delete fm-lab-large-targets-4676 --json --session fm-lab-large-targets-4676
1788945985 session list --json --session fm-lab-large-targets-4676
